------------------------------------------------------------
Timing Analyzer Summary
------------------------------------------------------------

Type  : Slow 1100mV 85C Model Setup 'CLOCK_50'
Slack : -2.697
TNS   : -67.318

Type  : Slow 1100mV 85C Model Hold 'CLOCK_50'
Slack : 0.422
TNS   : 0.000

Type  : Slow 1100mV 85C Model Minimum Pulse Width 'CLOCK_50'
Slack : -0.538
TNS   : -27.295

Type  : Slow 1100mV 0C Model Setup 'CLOCK_50'
Slack : -2.705
TNS   : -67.476

Type  : Slow 1100mV 0C Model Hold 'CLOCK_50'
Slack : 0.431
TNS   : 0.000

Type  : Slow 1100mV 0C Model Minimum Pulse Width 'CLOCK_50'
Slack : -0.538
TNS   : -27.577

Type  : Fast 1100mV 85C Model Setup 'CLOCK_50'
Slack : -0.819
TNS   : -12.969

Type  : Fast 1100mV 85C Model Hold 'CLOCK_50'
Slack : 0.181
TNS   : 0.000

Type  : Fast 1100mV 85C Model Minimum Pulse Width 'CLOCK_50'
Slack : -0.100
TNS   : -3.393

Type  : Fast 1100mV 0C Model Setup 'CLOCK_50'
Slack : -0.665
TNS   : -9.750

Type  : Fast 1100mV 0C Model Hold 'CLOCK_50'
Slack : 0.171
TNS   : 0.000

Type  : Fast 1100mV 0C Model Minimum Pulse Width 'CLOCK_50'
Slack : -0.099
TNS   : -3.379

------------------------------------------------------------
